# upper case - you, lower case - enemy
# B|b - base
# A|a - barracks
# W|w - worker
# M|m - melee attacker
# R|r - range attacker
# F|f - flight
# C|c - resource
# 1   - water
# 2   - forest
..............................
.....................2........
..B..C...............2.....C..
.....................2........
.....................2........
.....................222222222
..............................
..............................
..............................
..............................
...C..........................
..............................
..............................
..............................
..............................
..............................
..............................
..............................
..............................
...........................c..
..............................
..............................
..............................
..............................
222222222.....................
........2.....................
.c......2.....................
........2...............c..b..
........2.....................
..............................
