# upper case - you, lower case - enemy
# X|x - resource
# W|w - worker
# E|e - engineer
# S|s - soldier
# R|r - truck
# T|t - tank
# C|c - cannon
# F|f - flight
# A|a - barrack
# O|o - factory
# H|h - hangar
# D|d - defense tower
# B|b - base
# .   - soil
# 1   - sand
# 2   - grass
# 3   - rock
# 4   - water
#
X.W.E.S.R.T.C.F.........................
.....................2..................
..B..X.........A.....2.....X............
..22221...3..........2..................
.......111.....O.....2..................
..2.333..1...........222222222..........
...W....221....H........................
........................................
..2............D........................
........................................
...C....................................
........................................
........3.......4.......................
..2.....3.......4.......................
........3...............................
........3...............................
........3...............................
........333333..........................
........................................
...........................w............
........................................
........................................
........................................
........................................
222222222...............................
........2.........x.....................
.w......2...............................
........2...............w..b............
........2...............................
........................................
........................................
........................................
........................................
........................................
........................................
........................................
........................................
........................................
........................................
........................................
