# upper case - you, lower case - enemy
# B|b - base
# A|a - barracks
# W|w - worker
# M|m - melee attacker
# R|r - range attacker
# F|f - flight
# C|c - resource
# 1   - water
# 2   - forest
..................2...........
..................2...........
..B.....C..A......2...........
........C.........2...........
..W..W........................
...........M......2...........
....W....F........2...........
..............................
..111111......................
..............................
..............................
..............................
..............................
..............................
..............................
..............................
..............................
..............................
..............................
..............................
..............................
..............................
..............11111...........
..............................
..............................
..............w..w...a........
..............................
................r....b........
..............................
..............................
