# upper case - you, lower case - enemy
# X|x - resource
# W|w - peasant
# S|s - swordman
# R|r - spearman
# T|t - cavalry
# C|c - archer
# F|f - dragon
# A|a - barrack
# O|o - blacksmith
# H|h - stables
# U|u - catapult
# K|k - workshop
# D|d - guard tower
# B|b - town hall
# .   - grass
# 1   - sand
# 2   - soil
# 3   - rock
# 4   - water
#
44133333.......333.......233332222..3144
44211111.................2211122X1..1444
441211X1..................11B1111...1444
144221111...............W.1111......1444
.1441111......T.....................1444
..141................................114
..141.................................14
..1411..............................1144
...441............................14411.
...141.........11.................141...
...1411.......1..................144....
....441.....11..................144.....
3...1411...11..................144......
3....441..11...................1413.....
....112211.................11..14133....
....122221.................111122211....
...111221.....................122211....
...111141......................14111....
...1331411........X...........144..1....
...1...444111...11111......111441..1.1x.
...11...14441111212221111114444....1112.
....1.....14444444444444444411....111...
....1......1111122221111141.......1.....
.....1........3311113...141.......1.....
.....1........111x113....441......1.....
......1.......1111111....141......1.....
......1..........1.1.....141......1.....
......1........11...1.....441.....1.....
.......1......1.....1.....141.....1.....
........1111111.....1......441...11.....
..........1.........1......141...1.....3
.........11.........1.......441.11.....3
.........1......2....1......112211.....3
.........1.....232...11.....12221......3
.........1.....232....1.....12221.......
3....1w..1.....22......1111111141.......
3.11111111...................31411......
1111b112.........33...........1441......
11x111............3............1441.....
333.11..........................141.....
